// Jest Snapshot v1, https://goo.gl/fbAQLP

exports[`Simulate/Label with text 1`] = `
<label
  className="sc-bdVaJa gCSHtE"
>
  First Deposit
</label>
`;
