// Jest Snapshot v1, https://goo.gl/fbAQLP

exports[`Pane with text 1`] = `
<div
  className="sc-bdVaJa iBVmJm"
  elevation={1}
>
  Test Message
</div>
`;
